error[E0277]: the trait bound `std::vec::Vec<i32>: You_Should_Use_An_Valid_Event_Topic_Type` is not satisfied
  --> $DIR/29-invalid-event-topic-type.rs:8:5
   |
8  | /     #[liquid(event)]
9  | |     struct TestEvent {
10 | |         i: i32,
11 | |         v: Vec<i32>,
12 | |         #[liquid(indexed)]
13 | |         tv: Vec<i32>,
14 | |     }
   | |_____^ the trait `You_Should_Use_An_Valid_Event_Topic_Type` is not implemented for `std::vec::Vec<i32>`
