error: identifiers starting with `__liquid` are forbidden in liquid contract
  --> $DIR/05-forbidden-ident.rs:12:12
   |
12 |         fn __liquid_noop(&self) {}
   |            ^^^^^^^^^^^^^
