error: crate-level visibility or visibility level restricted to some path is not supported for liquid functions
  --> $DIR/09-invalid-visibility.rs:13:9
   |
13 |         pub(crate) fn noop(&self) {}
   |         ^^^^^^^^^^
