error: `async` is not supported for functions in liquid contract
  --> $DIR/13-async-function.rs:12:13
   |
12 |         pub async fn noop(&self) {}
   |             ^^^^^
