error[E0277]: the trait bound `I: liquid_lang::The_Type_You_Used_Here_Must_Be_An_Valid_Liquid_Data_Type` is not satisfied
  --> $DIR/17-invalid-return-type.rs:18:24
   |
18 |         fn noop(&self) -> I {}
   |                        ^^^^ the trait `liquid_lang::The_Type_You_Used_Here_Must_Be_An_Valid_Liquid_Data_Type` is not implemented for `I`
