error[E0277]: the trait bound `f32: liquid_lang::You_Should_Use_An_Valid_Input_Type` is not satisfied
  --> $DIR/28-invalid-event-type.rs:8:5
   |
8  | /     #[liquid(event)]
9  | |     struct TestEvent {
10 | |         f: f32,
11 | |     }
   | |_____^ the trait `liquid_lang::You_Should_Use_An_Valid_Input_Type` is not implemented for `f32`

error[E0277]: the trait bound `f32: liquid_lang::You_Should_Use_An_Valid_Input_Type` is not satisfied
 --> $DIR/28-invalid-event-type.rs:3:1
  |
3 | #[liquid::contract(version = "0.1.0")]
  | ^^^^^^^^^^^^^^^^^^^^^^^^^^^^^^^^^^^^^^ the trait `liquid_lang::You_Should_Use_An_Valid_Input_Type` is not implemented for `f32`
  |
  = note: this error originates in an attribute macro (in Nightly builds, run with -Z macro-backtrace for more info)
