error[E0277]: the trait bound `f32: You_Should_Use_An_Valid_Event_Data_Type` is not satisfied
  --> $DIR/28-invalid-event-data-type.rs:8:5
   |
8  | /     #[liquid(event)]
9  | |     struct TestEvent {
10 | |         f: f32,
11 | |     }
   | |_____^ the trait `You_Should_Use_An_Valid_Event_Data_Type` is not implemented for `f32`
